FEED https://pf.kakao.com/rocket-web/web/v2/profiles/_QpxgJn/posts status=404 type=application/json; charset=UTF-8
FEED https://pf.kakao.com/rocket-web/web/v2/profiles/_QpxgJn/posts/recent status=404 type=application/json; charset=UTF-8
FEED https://pf.kakao.com/rocket-web/web/profiles/_QpxgJn/posts status=200 type=application/json; charset=UTF-8
  keys=items,has_next
  candidate_ids=[114201684, 111329701, 109670459]
Latest post: https://pf.kakao.com/_QpxgJn/114201684
Image: http://k.kakaocdn.net/dn/myU6p/dJMcaafffOt/DAD6TkQ44Ie6GrKg1thVkK/img_l.jpg via microlink_metadata
status: stale
date: 2026-08-07
checked_at: 2026-08-09T02:41:48+09:00
post_url: https://pf.kakao.com/_QpxgJn/114201684
discovery: https://pf.kakao.com/rocket-web/web/profiles/_QpxgJn/posts
image_method: microlink_metadata

OCR BEST:
< 2026년 8월 7일 >
* 김치제육볶음 * 열무국수
* 함박스테이크 * 샐러드
* OSES 0] * 라면
* 콩나물무침 * 계란 후라이
* 고주장멸치볶음 ＊원두커피
* ZIRE]
* 포기김치 * 매실차
* 유부된장국 * 식혜

exit_code=0
